// Vitest Snapshot v1, https://vitest.dev/guide/snapshot.html

exports[`Input > renders correctly 1`] = `
{
  "asFragment": [Function],
  "baseElement": <body>
    <div>
      <div
        class="flex flex-col gap-2"
      >
        <span
          class="text-content-on-background"
        >
          Username
        </span>
        <input
          class="w-full appearance-none rounded-md border border-line bg-transparent px-3 py-2 text-content-on-background focus-within:ring-action-primary ring-focused ring-offset-0 focus-within:border-action-neutral focus-within:ring-1 focus:outline-none transition duration-200"
        />
      </div>
    </div>
  </body>,
  "container": <div>
    <div
      class="flex flex-col gap-2"
    >
      <span
        class="text-content-on-background"
      >
        Username
      </span>
      <input
        class="w-full appearance-none rounded-md border border-line bg-transparent px-3 py-2 text-content-on-background focus-within:ring-action-primary ring-focused ring-offset-0 focus-within:border-action-neutral focus-within:ring-1 focus:outline-none transition duration-200"
      />
    </div>
  </div>,
  "debug": [Function],
  "findAllByAltText": [Function],
  "findAllByDisplayValue": [Function],
  "findAllByLabelText": [Function],
  "findAllByPlaceholderText": [Function],
  "findAllByRole": [Function],
  "findAllByTestId": [Function],
  "findAllByText": [Function],
  "findAllByTitle": [Function],
  "findByAltText": [Function],
  "findByDisplayValue": [Function],
  "findByLabelText": [Function],
  "findByPlaceholderText": [Function],
  "findByRole": [Function],
  "findByTestId": [Function],
  "findByText": [Function],
  "findByTitle": [Function],
  "getAllByAltText": [Function],
  "getAllByDisplayValue": [Function],
  "getAllByLabelText": [Function],
  "getAllByPlaceholderText": [Function],
  "getAllByRole": [Function],
  "getAllByTestId": [Function],
  "getAllByText": [Function],
  "getAllByTitle": [Function],
  "getByAltText": [Function],
  "getByDisplayValue": [Function],
  "getByLabelText": [Function],
  "getByPlaceholderText": [Function],
  "getByRole": [Function],
  "getByTestId": [Function],
  "getByText": [Function],
  "getByTitle": [Function],
  "queryAllByAltText": [Function],
  "queryAllByDisplayValue": [Function],
  "queryAllByLabelText": [Function],
  "queryAllByPlaceholderText": [Function],
  "queryAllByRole": [Function],
  "queryAllByTestId": [Function],
  "queryAllByText": [Function],
  "queryAllByTitle": [Function],
  "queryByAltText": [Function],
  "queryByDisplayValue": [Function],
  "queryByLabelText": [Function],
  "queryByPlaceholderText": [Function],
  "queryByRole": [Function],
  "queryByTestId": [Function],
  "queryByText": [Function],
  "queryByTitle": [Function],
  "rerender": [Function],
  "unmount": [Function],
}
`;
